[debug] [2026-10-03T02:26:51.195Z] ----------------------------------------------------------------------
[debug] [2026-10-03T02:26:51.228Z] Command:       /usr/local/bin/node /usr/local/bin/firebase projects:list
[debug] [2026-10-03T02:26:51.229Z] CLI Version:   15.30.0
[debug] [2026-10-03T02:26:51.229Z] Platform:      linux
[debug] [2026-10-03T02:26:51.229Z] Node Version:  v22.23.2
[debug] [2026-10-03T02:26:51.229Z] Detected Agent: unknown
[debug] [2026-10-03T02:26:51.230Z] Time:          Sat Oct 03 2026 02:26:51 GMT+0000 (Coordinated Universal Time)
[debug] [2026-10-03T02:26:51.230Z] ----------------------------------------------------------------------
[debug] 
[debug] [2026-10-03T02:26:51.270Z] >>> [apiv2][query] GET https://firebase-public.firebaseio.com/cli.json [none]
[debug] [2026-10-03T02:26:51.309Z] > command requires scopes: ["email","openid","https://www.googleapis.com/auth/cloudplatformprojects.readonly","https://www.googleapis.com/auth/firebase","https://www.googleapis.com/auth/cloud-platform"]
[debug] [2026-10-03T02:26:51.401Z] Running auto auth
[debug] [2026-10-03T02:26:51.409Z] No OAuth tokens found
[debug] [2026-10-03T02:26:51.409Z] >>> [apiv2][query] GET https://firebase.googleapis.com/v1beta1/projects pageSize=1000
[debug] [2026-10-03T02:26:51.497Z] <<< [apiv2][status] GET https://firebase.googleapis.com/v1beta1/projects 403
[debug] [2026-10-03T02:26:51.497Z] <<< [apiv2][body] GET https://firebase.googleapis.com/v1beta1/projects [omitted]
[debug] [2026-10-03T02:26:51.498Z] Request to https://firebase.googleapis.com/v1beta1/projects?pageSize=1000 had HTTP Error: 403, Firebase Management API has not been used in project 455865098278 before or it is disabled. Enable it by visiting https://console.developers.google.com/apis/api/firebase.googleapis.com/overview?project=455865098278 then retry. If you enabled this API recently, wait a few minutes for the action to propagate to our systems and retry.
[debug] [2026-10-03T02:26:51.500Z] FirebaseError: Request to https://firebase.googleapis.com/v1beta1/projects?pageSize=1000 had HTTP Error: 403, Firebase Management API has not been used in project 455865098278 before or it is disabled. Enable it by visiting https://console.developers.google.com/apis/api/firebase.googleapis.com/overview?project=455865098278 then retry. If you enabled this API recently, wait a few minutes for the action to propagate to our systems and retry.
    at responseToError (/usr/local/lib/node_modules/firebase-tools/lib/responseToError.js:53:12)
    at RetryOperation._fn (/usr/local/lib/node_modules/firebase-tools/lib/apiv2.js:415:77)
    at process.processTicksAndRejections (node:internal/process/task_queues:103:5)
[error] 
[error] Error: Failed to list Firebase projects. See firebase-debug.log for more info.
[debug] [2026-10-03T02:26:51.544Z] <<< [apiv2][status] GET https://firebase-public.firebaseio.com/cli.json 200
[debug] [2026-10-03T02:26:51.544Z] <<< [apiv2][body] GET https://firebase-public.firebaseio.com/cli.json {"cloudBuildErrorAfter":1594252800000,"cloudBuildWarnAfter":1590019200000,"defaultNode10After":1594252800000,"minVersion":"3.0.5","node8DeploysDisabledAfter":1613390400000,"node8RuntimeDisabledAfter":1615809600000,"node8WarnAfter":1600128000000}
[debug] [2026-10-03T19:14:55.236Z] ----------------------------------------------------------------------
[debug] [2026-10-03T19:14:55.263Z] Command:       /usr/local/bin/node /usr/local/bin/firebase projects:list
[debug] [2026-10-03T19:14:55.264Z] CLI Version:   15.30.0
[debug] [2026-10-03T19:14:55.264Z] Platform:      linux
[debug] [2026-10-03T19:14:55.265Z] Node Version:  v22.23.2
[debug] [2026-10-03T19:14:55.265Z] Detected Agent: unknown
[debug] [2026-10-03T19:14:55.265Z] Time:          Sat Oct 03 2026 19:14:55 GMT+0000 (Coordinated Universal Time)
[debug] [2026-10-03T19:14:55.266Z] ----------------------------------------------------------------------
[debug] 
[debug] [2026-10-03T19:14:55.309Z] >>> [apiv2][query] GET https://firebase-public.firebaseio.com/cli.json [none]
[debug] [2026-10-03T19:14:55.344Z] > command requires scopes: ["email","openid","https://www.googleapis.com/auth/cloudplatformprojects.readonly","https://www.googleapis.com/auth/firebase","https://www.googleapis.com/auth/cloud-platform"]
[debug] [2026-10-03T19:14:55.409Z] Running auto auth
[debug] [2026-10-03T19:14:55.417Z] No OAuth tokens found
[debug] [2026-10-03T19:14:55.417Z] >>> [apiv2][query] GET https://firebase.googleapis.com/v1beta1/projects pageSize=1000
[debug] [2026-10-03T19:14:55.499Z] <<< [apiv2][status] GET https://firebase.googleapis.com/v1beta1/projects 403
[debug] [2026-10-03T19:14:55.499Z] <<< [apiv2][body] GET https://firebase.googleapis.com/v1beta1/projects [omitted]
[debug] [2026-10-03T19:14:55.501Z] Request to https://firebase.googleapis.com/v1beta1/projects?pageSize=1000 had HTTP Error: 403, Firebase Management API has not been used in project 416678724956 before or it is disabled. Enable it by visiting https://console.developers.google.com/apis/api/firebase.googleapis.com/overview?project=416678724956 then retry. If you enabled this API recently, wait a few minutes for the action to propagate to our systems and retry.
[debug] [2026-10-03T19:14:55.502Z] FirebaseError: Request to https://firebase.googleapis.com/v1beta1/projects?pageSize=1000 had HTTP Error: 403, Firebase Management API has not been used in project 416678724956 before or it is disabled. Enable it by visiting https://console.developers.google.com/apis/api/firebase.googleapis.com/overview?project=416678724956 then retry. If you enabled this API recently, wait a few minutes for the action to propagate to our systems and retry.
    at responseToError (/usr/local/lib/node_modules/firebase-tools/lib/responseToError.js:53:12)
    at RetryOperation._fn (/usr/local/lib/node_modules/firebase-tools/lib/apiv2.js:415:77)
    at process.processTicksAndRejections (node:internal/process/task_queues:103:5)
[error] 
[error] Error: Failed to list Firebase projects. See firebase-debug.log for more info.
[debug] [2026-10-03T19:14:55.613Z] <<< [apiv2][status] GET https://firebase-public.firebaseio.com/cli.json 200
[debug] [2026-10-03T19:14:55.614Z] <<< [apiv2][body] GET https://firebase-public.firebaseio.com/cli.json {"cloudBuildErrorAfter":1594252800000,"cloudBuildWarnAfter":1590019200000,"defaultNode10After":1594252800000,"minVersion":"3.0.5","node8DeploysDisabledAfter":1613390400000,"node8RuntimeDisabledAfter":1615809600000,"node8WarnAfter":1600128000000}
